
[Test_Parse_ParseBlock/Arithmetic - 1]
Expression: Number: {2}
---

[Test_Parser_ParseExpression/Integer - 1]
parser.NumberNode: {123}
---

[Test_Parser_ParseExpression_Error/Unknown - 1]
unknown token type: 9
---

[Test_parseNumber/Float - 1]
123.456
---

[Test_parseNumber/Integer - 1]
123
---

[Test_parseNumber_Error/Bad_float - 1]
failed to convert token value "123,456" to number: can't convert 123,456 to decimal
---

[Test_parseNumber_Error/Word - 1]
failed to convert token value "kachow" to number: can't convert kachow to decimal
---

[Test_parseNumber_Error/Wrong_type - 1]
Token type is not a number: 9
---
